// Jest Snapshot v1, https://goo.gl/fbAQLP

exports[`HelpSection.vue Check if the HelpSection.vue component has the expected UI 1`] = `
<div class="help-section">
  <h3 class="vocab ha h3a">
    help.heading
  </h3>
  <ul class="help-links">
    <li class="help-link"><a class="vocab-body body-big help-link-a">
        help.what-are-cc-licenses.heading
      </a></li>
    <li class="help-link"><a class="vocab-body body-big help-link-a">
        help.how-licenses-work.heading
      </a></li>
    <li class="help-link"><a class="vocab-body body-big help-link-a">
        help.what-icons-mean.heading
      </a></li>
    <li class="help-link"><a class="vocab-body body-big help-link-a">
        help.considerations-before-licensing.heading
      </a></li>
    <li class="help-link"><a class="vocab-body body-big help-link-a">
        help.how-formally-license.heading
      </a></li>
    <li class="help-link"><a class="vocab-body body-big help-link-a">
        help.six-cc-licenses.heading
      </a></li>
    <li class="help-link"><a class="vocab-body body-big help-link-a">
        help.how-licenses-communicated.heading
      </a></li>
    <li class="help-link"><a class="vocab-body body-big help-link-a">
        help.what-free-culture-license.heading
      </a></li>
    <li class="help-link"><a class="vocab-body body-big help-link-a">
        help.look-earlier-license-ver.heading
      </a></li>
  </ul>
  <!---->
  <!---->
  <!---->
  <!---->
  <!---->
  <!---->
  <!---->
  <!---->
  <!---->
</div>
`;
