// Jest Snapshot v1, https://goo.gl/fbAQLP

exports[`LicenseDropdown.vue Check if the LicenseDropdown.vue component has the expected UI 1`] = `
<div class="field license-dropdown">
  <!---->
  <div class="control"><span class="select"><select><!----><option value="CC0 1.0">
            CC0 1.0
        </option><option value="CC BY 4.0">
            CC BY 4.0
        </option><option value="CC BY-SA 4.0">
            CC BY-SA 4.0
        </option><option value="CC BY-ND 4.0">
            CC BY-ND 4.0
        </option><option value="CC BY-NC 4.0">
            CC BY-NC 4.0
        </option><option value="CC BY-NC-SA 4.0">
            CC BY-NC-SA 4.0
        </option><option value="CC BY-NC-ND 4.0">
            CC BY-NC-ND 4.0
        </option></select></span>
    <!---->
  </div>
  <!---->
</div>
`;
