// Jest Snapshot v1, https://goo.gl/fbAQLP

exports[`HelpSection.vue has the expected UI 1`] = `
VueWrapper {
  "_emitted": Object {},
  "_emittedByOrder": Array [],
  "isFunctionalComponent": undefined,
}
`;
